\BOOKMARK [1][-]{section.0.1}{\376\377\0000\000.\0001\000\040\122\115\212\000}{}% 1
\BOOKMARK [0][-]{chapter*.1}{\376\377\166\356\137\125}{}% 2
\BOOKMARK [1][-]{section.0.2}{\376\377\0000\000.\0002\000\040\142\021\116\354\131\202\117\125\147\145\122\060\163\260\127\050}{chapter*.1}% 3
\BOOKMARK [1][-]{section.0.3}{\376\377\0000\000.\0003\000\040\145\345\121\111\116\113\116\013\377\014\136\166\145\340\145\260\116\213}{chapter*.1}% 4
\BOOKMARK [1][-]{section.0.4}{\376\377\0000\000.\0004\000\040\220\243\116\233\145\160\133\146\131\047\136\010\116\354}{chapter*.1}% 5
\BOOKMARK [1][-]{section.0.5}{\376\377\0000\000.\0005\000\040\137\123\137\303\377\014\210\253\116\326\116\354\232\227\116\206}{chapter*.1}% 6
\BOOKMARK [1][-]{section.0.6}{\376\377\0000\000.\0006\000\040\117\140\116\316\116\213\166\204\146\057\132\061\116\120\116\032}{chapter*.1}% 7
\BOOKMARK [1][-]{section.0.7}{\376\377\0000\000.\0007\000\040\116\272\116\272\220\375\162\061\227\136\164\006\140\047}{chapter*.1}% 8
\BOOKMARK [1][-]{section.0.8}{\376\377\0000\000.\0008\000\040\131\051\142\115\377\014\217\330\146\057\213\345\153\173\166\204\145\340\200\073\116\113\137\222}{chapter*.1}% 9
\BOOKMARK [1][-]{section.0.9}{\376\377\0000\000.\0009\000\040\117\057\140\151\145\257\127\146\225\031\116\206\124\027}{chapter*.1}% 10
\BOOKMARK [1][-]{section.0.10}{\376\377\0000\000.\0001\0000\000\040\140\016\116\110\134\061\142\020\116\206\135\364\127\043\116\272\116\206}{chapter*.1}% 11
\BOOKMARK [1][-]{section.0.11}{\376\377\0000\000.\0001\0001\000\040\116\072\116\300\116\110\116\015\116\072\000`\000`\154\021\116\073\123\026\000'\000'\142\225\215\104}{chapter*.1}% 12
\BOOKMARK [1][-]{section.0.12}{\376\377\0000\000.\0001\0002\000\040\116\072\116\300\116\110\133\371\203\253\145\257\171\321\176\364\203\050\137\303\165\037\135\007\145\154}{chapter*.1}% 13
\BOOKMARK [1][-]{section.0.13}{\376\377\0000\000.\0001\0003\000\040\142\021\116\354\217\331\116\052\145\366\116\343\147\000\146\172\141\147\166\204\131\064\201\021}{chapter*.1}% 14
\BOOKMARK [1][-]{section.0.14}{\376\377\0000\000.\0001\0004\000\040\116\124\136\003\145\257\166\204\000O\000n\000e\000\040\000M\000o\000r\000e\000\040\000T\000h\000i\000n\000g}{chapter*.1}% 15
\BOOKMARK [1][-]{section.0.15}{\376\377\0000\000.\0001\0005\000\040\116\015\211\201\215\337\201\352\135\361\166\204\200\272\165\037\154\024}{chapter*.1}% 16
\BOOKMARK [1][-]{section.0.16}{\376\377\0000\000.\0001\0006\000\040\200\152\146\016\166\204\142\225\215\104\200\005}{chapter*.1}% 17
\BOOKMARK [1][-]{section.0.17}{\376\377\0000\000.\0001\0007\000\040\131\202\147\234\126\336\122\060\0001\0009\0009\0007\136\164}{chapter*.1}% 18
\BOOKMARK [1][-]{section.0.18}{\376\377\0000\000.\0001\0008\000\040\142\225\215\104\200\005\116\316\127\204\145\255\121\154\123\370\220\243\221\314\137\227\122\060\116\300\116\110}{chapter*.1}% 19
\BOOKMARK [1][-]{section.0.19}{\376\377\0000\000.\0001\0009\000\040\203\122\214\054\123\206\123\362\116\055\166\204\116\000\160\271\131\107\204\151}{chapter*.1}% 20
\BOOKMARK [1][-]{section.0.20}{\376\377\0000\000.\0002\0000\000\040\116\316\225\177\217\334\167\013\377\014\142\021\116\354\220\375\146\057\211\201\153\173\166\204}{chapter*.1}% 21
\BOOKMARK [1][-]{section.0.21}{\376\377\0000\000.\0002\0001\000\040\116\000\116\052\164\006\140\363\116\073\116\111\200\005\166\204\116\367\120\074\142\225\215\104}{chapter*.1}% 22
\BOOKMARK [1][-]{section.0.22}{\376\377\0000\000.\0002\0002\000\040\131\047\121\154\123\370\166\204\217\271\165\114}{chapter*.1}% 23
\BOOKMARK [1][-]{section.0.23}{\376\377\0000\000.\0002\0003\000\040\142\100\116\345\377\014\133\203\134\061\133\211\227\131\127\060\172\331\167\100}{chapter*.1}% 24
\BOOKMARK [1][-]{section.0.24}{\376\377\0000\000.\0002\0004\000\040\133\314\147\011\166\204\220\273\134\105\124\214\200\152\146\016\166\204\134\017\215\074\116\354}{chapter*.1}% 25
\BOOKMARK [1][-]{section.0.25}{\376\377\0000\000.\0002\0005\000\040\220\032\217\307\153\042\116\120\203\267\123\326\122\233\221\317}{chapter*.1}% 26
\BOOKMARK [1][-]{section.0.26}{\376\377\0000\000.\0002\0006\000\040\142\021\116\354\142\100\160\355\162\061\166\204\227\122\146\045\147\037}{chapter*.1}% 27
\BOOKMARK [1][-]{section.0.27}{\376\377\0000\000.\0002\0007\000\040\116\072\116\300\116\110\131\145\162\171\146\374\116\015\200\375\127\050\224\366\210\114\221\314\116\013\150\313}{chapter*.1}% 28
\BOOKMARK [1][-]{section.0.28}{\376\377\0000\000.\0002\0008\000\040\133\203\116\015\120\317\117\140\140\363\214\141\166\204\220\243\116\110\173\200\123\125}{chapter*.1}% 29
\BOOKMARK [1][-]{section.0.29}{\376\377\0000\000.\0002\0009\000\040\135\345\123\040\116\354\122\033\220\040\166\204\123\206\123\362}{chapter*.1}% 30
\BOOKMARK [1][-]{section.0.30}{\376\377\0000\000.\0003\0000\000\040\147\011\116\000\116\233\116\272\120\074\137\227\116\072\116\326\215\167\172\313\237\023\143\214\377\010\116\012\377\011}{chapter*.1}% 31
\BOOKMARK [1][-]{section.0.31}{\376\377\0000\000.\0003\0001\000\040\147\011\116\000\116\233\116\272\120\074\137\227\116\072\116\326\215\167\172\313\237\023\143\214\377\010\116\013\377\011}{chapter*.1}% 32
\BOOKMARK [1][-]{section.0.32}{\376\377\0000\000.\0003\0002\000\040\000`\000`\122\240\221\314\232\176\232\166\134\017\230\336\147\072\121\134\230\316\220\243\131\051\000'\000'}{chapter*.1}% 33
\BOOKMARK [1][-]{section.0.33}{\376\377\0000\000.\0003\0003\000\040\117\140\146\057\146\172\141\147\131\032\116\000\160\271\377\014\217\330\146\057\224\261\131\032\116\000\160\271}{chapter*.1}% 34
\BOOKMARK [1][-]{section.0.34}{\376\377\0000\000.\0003\0004\000\040\137\123\203\003\137\267\153\324\134\024\162\171\147\000\124\016\116\000\153\041\176\317\217\307\170\001\131\064\377\010\116\012\377\011}{chapter*.1}% 35
\BOOKMARK [1][-]{section.0.35}{\376\377\0000\000.\0003\0005\000\040\137\123\203\003\137\267\153\324\134\024\162\171\147\000\124\016\116\000\153\041\176\317\217\307\170\001\131\064\377\010\116\013\377\011}{chapter*.1}% 36
\BOOKMARK [1][-]{section.0.36}{\376\377\0000\000.\0003\0006\000\040\161\066\124\016\377\014\116\326\134\061\137\000\131\313\154\256\116\047\215\167\147\145}{chapter*.1}% 37
\BOOKMARK [1][-]{section.0.37}{\376\377\0000\000.\0003\0007\000\040\157\130\131\032\142\311\166\204\166\322\133\120\146\057\116\300\116\110\145\366\120\031\142\123\137\000\166\204\377\010\116\012\377\011}{chapter*.1}% 38
\BOOKMARK [1][-]{section.0.38}{\376\377\0000\000.\0003\0008\000\040\157\130\131\032\142\311\166\204\166\322\133\120\146\057\116\300\116\110\145\366\120\031\142\123\137\000\166\204\377\010\116\013\377\011}{chapter*.1}% 39
\BOOKMARK [1][-]{section.0.39}{\376\377\0000\000.\0003\0009\000\040\136\225\162\171\137\213\122\060\136\225\123\321\165\037\116\206\116\300\116\110\377\010\116\012\377\011}{chapter*.1}% 40
\BOOKMARK [1][-]{section.0.40}{\376\377\0000\000.\0004\0000\000\040\136\225\162\171\137\213\122\060\136\225\123\321\165\037\116\206\116\300\116\110\377\010\116\013\377\011}{chapter*.1}% 41
\BOOKMARK [1][-]{section.0.41}{\376\377\0000\000.\0004\0001\000\040\123\163\117\177\200\152\146\016\131\202\164\006\147\345\137\267\000\267\215\071\146\374\040\046\040\046}{chapter*.1}% 42
\BOOKMARK [1][-]{section.0.42}{\376\377\0000\000.\0004\0002\000\040\124\054\213\364\117\140\142\123\173\227\133\232\122\066\116\000\116\052\117\037\131\047\116\140\140\357\377\037}{chapter*.1}% 43
\BOOKMARK [1][-]{section.0.43}{\376\377\0000\000.\0004\0003\000\040\000`\000`\217\331\147\141\215\052\132\152\166\204\226\247\220\123\134\075\131\064\040\046\040\046\000'\000'}{chapter*.1}% 44
\BOOKMARK [1][-]{section.0.44}{\376\377\0000\000.\0004\0004\000\040\000`\000`\142\021\167\345\220\123\116\213\140\305\167\037\166\370\125\146\000'\000'}{chapter*.1}% 45
\BOOKMARK [1][-]{section.0.45}{\376\377\0000\000.\0004\0005\000\040\142\021\116\354\123\352\146\057\140\363\144\106\201\061\136\270\136\070\165\037\155\073}{chapter*.1}% 46
\BOOKMARK [1][-]{section.1..1}{\376\377\000.\0001\000\040\147\054\150\017\166\356\121\150\220\350\143\250\203\120\116\146\166\356\377\032}{chapter*.1}% 47
